Traceback (most recent call last):
  File "C:\Users\wirih\repos\flow\voice_bridge.py", line 35, in do_POST
    with tempfile.NamedTemporaryFile(suffix='.webm', delete=False) as f:
         ^^^^^^^^^^^^^^^^^^^^^^^^^^^^^^^^^^^^^^^^^^^^^^^^^^^^^^^^^
  File "C:\Users\wirih\AppData\Local\Programs\Python\Python312\Lib\tempfile.py", line 564, in NamedTemporaryFile
    prefix, suffix, dir, output_type = _sanitize_params(prefix, suffix, dir)
                                       ^^^^^^^^^^^^^^^^^^^^^^^^^^^^^^^^^^^^^
  File "C:\Users\wirih\AppData\Local\Programs\Python\Python312\Lib\tempfile.py", line 126, in _sanitize_params
    dir = gettempdir()
          ^^^^^^^^^^^^
  File "C:\Users\wirih\AppData\Local\Programs\Python\Python312\Lib\tempfile.py", line 315, in gettempdir
    return _os.fsdecode(_gettempdir())
                        ^^^^^^^^^^^^^
  File "C:\Users\wirih\AppData\Local\Programs\Python\Python312\Lib\tempfile.py", line 308, in _gettempdir
    tempdir = _get_default_tempdir()
              ^^^^^^^^^^^^^^^^^^^^^^
  File "C:\Users\wirih\AppData\Local\Programs\Python\Python312\Lib\tempfile.py", line 223, in _get_default_tempdir
    raise FileNotFoundError(_errno.ENOENT,
FileNotFoundError: [Errno 2] No usable temporary directory found in ['C:\\Users\\wirih\\AppData\\Local\\Temp', 'C:\\Users\\wirih\\AppData\\Local\\Temp', 'C:\\Users\\wirih\\AppData\\Local\\Temp', 'C:\\WINDOWS\\Temp', 'c:\\temp', 'c:\\tmp', '\\temp', '\\tmp', 'C:\\WINDOWS\\system32']

07:52:53 whisper model loaded
07:52:55 transcribed 19097 bytes in 3.0s -> 'Bridge test 123'
07:53:48 transcribed 86270 bytes in 0.9s -> 'Hello, are you working?'
07:54:13 transcribed 74678 bytes in 0.8s -> 'It is working okay.'
07:55:21 transcribed 158720 bytes in 1.3s -> "That's excellent. Good."
10:04:08 transcribed 420520 bytes in 1.7s -> 'Can you make a folder, I have just plugged in my Z Fold into my computer, can yo'
10:07:29 transcribed 196728 bytes in 1.1s -> "This is actually for my uncle's phone. I just wanted to plug naiwan in first. Th"
10:08:24 transcribed 754142 bytes in 1.4s -> "This is for my uncle's phone. This is for my uncle's phone. I wanted to check hi"
10:08:58 transcribed 159054 bytes in 1.1s -> "Now it's plugged in, it's called TLC, TCL. I do have his permission so let's do "
10:11:28 transcribed 201558 bytes in 0.9s -> "It doesn't have developer options and I can't see USB debugging."
10:14:21 transcribed 106890 bytes in 0.8s -> 'I have enabled USB Debugging.'
10:15:11 transcribed 47964 bytes in 0.8s -> 'that message was accepted.'
10:16:57 transcribed 46998 bytes in 0.9s -> "It's in the downloads folder"
10:17:09 transcribed 55692 bytes in 0.9s -> "That's in the downloads folder"
10:18:48 transcribed 185136 bytes in 0.9s -> 'Can you go to my computer use folder and see if you can do it with that?'
10:23:51 transcribed 86604 bytes in 0.8s -> 'The screen locked, so can you check it now?'
10:26:10 transcribed 101094 bytes in 1.0s -> "I think it's okay now. I've toggled it and pressed okay when the box came up."
10:31:00 transcribed 823694 bytes in 2.2s -> "it says USB debugging debug mode when USB is connected I've toggled it on I'll d"
10:32:48 transcribed 281736 bytes in 0.9s -> 'Well, I did press the second allow box.'
10:33:17 transcribed 29928 bytes in 0.1s -> ''
10:34:52 transcribed 49896 bytes in 0.8s -> 'Yes, I did what you said.'
10:36:20 transcribed 286566 bytes in 1.1s -> 'The phone, I have it so that it is running open all the time during debugging, s'
10:39:12 transcribed 59556 bytes in 0.8s -> 'File transfer is selected.'
10:40:26 transcribed 47964 bytes in 0.9s -> "Can't you do that?"
10:41:14 transcribed 123957 bytes in 0.9s -> 'Kitty tree try and find another way to sort that out'
10:44:41 transcribed 59556 bytes in 0.9s -> 'priests always allow'
10:46:02 transcribed 258552 bytes in 1.1s -> 'Can we make sure to put everything in this folder to make sure that we can do it'
10:47:17 transcribed 381234 bytes in 1.2s -> "Please do a thorough removal because it wasn't pedometer ads, it was your phone "
10:50:01 transcribed 169680 bytes in 0.9s -> 'Is it worthwhile doing the website notifications have a look'
10:50:54 transcribed 119448 bytes in 0.9s -> 'Can you find a tool to do that so that it can happen next time?'
10:52:48 transcribed 167748 bytes in 1.1s -> "you activated the browser even though it sees the site can't be reached but you "
10:54:51 transcribed 373506 bytes in 1.3s -> 'Can you create workflows and tools to do everything that needs to be done? I not'
11:02:39 transcribed 201558 bytes in 1.2s -> "I want to do my mum's photo next, is that okay and then you can refine the proce"
11:04:12 transcribed 140700 bytes in 0.9s -> "Is uncle's phone ready to go? Did you turn off all the debugging or anything you"
11:06:46 transcribed 185136 bytes in 1.1s -> "Okay, I've just plugged it in. Can you just keep going until you've cleaned it u"
11:14:48 transcribed 34120 bytes in 0.9s -> 'Can you access the phone?'
11:16:13 transcribed 165816 bytes in 1.1s -> 'Can you check what phone it is when you are going through this for the start-up '
11:17:25 transcribed 430180 bytes in 1.2s -> 'Can you make sure to add that to the workflow so that it can start off a lot eas'
11:19:38 transcribed 79842 bytes in 0.9s -> 'Carry on, check the last few messages'
11:53:18 transcribed 4494 bytes in 0.1s -> ''
11:55:24 transcribed 1975266 bytes in 1.6s -> 'I see an option for stay awake.'
11:55:37 transcribed 169680 bytes in 0.1s -> ''
11:55:47 transcribed 50862 bytes in 0.8s -> 'You move five hops if you want.'
11:55:58 transcribed 60522 bytes in 0.9s -> 'Remove Firefox if you want to.'
11:59:25 transcribed 414078 bytes in 1.4s -> 'Please make sure to add or improve workflows as you go along and if you can thin'
12:17:33 transcribed 126210 bytes in 1.3s -> 'Can we use JIV to identify the whole phone at once? Is that possible?'
12:18:50 transcribed 316512 bytes in 1.1s -> 'Could we do it so Jeev does it for the first time and then our version does it t'
12:19:10 transcribed 100128 bytes in 0.1s -> ''
12:22:35 transcribed 321342 bytes in 1.7s -> "I have added my phone. I'd like you to map my one out totally. So it'll be using"
12:26:03 transcribed 52794 bytes in 0.9s -> 'Try again'
12:32:46 transcribed 93366 bytes in 0.9s -> 'You slip them, please'
12:43:01 transcribed 211218 bytes in 1.0s -> "So with GF setup, does that mean it'll diagnose the phones a lot faster?"
12:44:20 transcribed 200592 bytes in 1.0s -> "But what I'm asking is, with the Jeev implementation, does it understand the sys"
12:45:17 transcribed 108822 bytes in 1.0s -> "Will this do Apple iPhones, I'm not too sure if they can have this problem."
12:45:51 transcribed 36690 bytes in 0.1s -> ''
12:46:38 transcribed 56657 bytes in 0.8s -> 'You hit the iFarm Brunch.'
13:00:24 transcribed 443058 bytes in 1.5s -> "I don't think Whistler Flow was all that good for my voice thing. The one that I"
13:00:46 transcribed 277872 bytes in 1.2s -> "For my voice transcription app, I don't think Whisperflow was as good as the one"
13:01:19 transcribed 158088 bytes in 1.1s -> 'And I want to be able to use it anywhere on my computer. How come it works on my'
13:04:42 transcribed 93366 bytes in 0.9s -> "The problem is I can't keep the flow net working and neither can you guys."
13:12:59 transcribed 175476 bytes in 2.2s -> "use computer use jiv computer use folder to find what's going on"
13:16:36 transcribed 278838 bytes in 1.5s -> "Okay, we need to switch the mic off for this app, the other one that's on MC Kar"
